In watch_rtn, arg: 10
version base
version 1
In watch_rtn, arg: 20
version base
version 2
In watch_rtn, arg: 20
version base
version 2
In watch_rtn, arg: -1
version base
In watch_rtn, arg: 10
version base
version 1
In watch_rtn, arg: 10
version base
version 1
In watch_rtn, arg: 20
version base
version 2
